char15 line 2:3: unexpected char: ' '
char15 line 2:5: unexpected char: 0xA
