2 CHARLITERAL '#'
2 CHARLITERAL '$'
2 CHARLITERAL '%'
2 CHARLITERAL '#'
2 CHARLITERAL '@'
