2 CHARLITERAL '\''
char14 line 2:6: unexpected char: 0xA
