char13 line 2:4: expecting ''', found '\'
char13 line 2:6: unexpected char: 0xA
