char11 line 2:2: unexpected char: '''
char11 line 2:4: unexpected char: 0xA
