hexlit4 line 3:2: unexpected char: 'X'
3 IDENTIFIER ace
