2 INTLITERAL 6
id4 line 2:2: unexpected char: '.'
2 INTLITERAL 035
