literal6 line 1:3: unexpected char: 'x'
literal6 line 1:5: expecting '"', found '\n'
