literal5 line 1:3: unexpected char: 'x'
literal5 line 1:5: unexpected char: 0xA
