literal7 line 1:6: unexpected char: 0xA
1 break
literal7 line 1:18: unexpected char: 0xA
