literal4 line 1:3: expecting ''', found 'b'
literal4 line 1:5: unexpected char: 0xA
