literal8 line 1:7: unexpected char: 0xA
1 break
literal8 line 1:20: unexpected char: 0xA
