4 STRINGLITERAL "ok"
5 STRINGLITERAL "\t"
6 STRINGLITERAL "\n"
7 STRINGLITERAL ""
8 CHARLITERAL 'a'
9 CHARLITERAL '\t'
10 CHARLITERAL '\n'
11 CHARLITERAL '\''
12 CHARLITERAL '\\'
13 CHARLITERAL '\"'
14 CHARLITERAL '\''
