literal2 line 1:2: unexpected char: '"'
literal2 line 1:4: unexpected char: 0xA
