literal3 line 1:2: unexpected char: '''
literal3 line 1:4: unexpected char: 0xA
