number3 line 2:2: unexpected char: 'C'
2 IDENTIFIER AFE5
