op5 line 2:2: expecting '&', found ' '
op5 line 2:4: expecting '|', found '\n'
