2 IDENTIFIER extends
3 IDENTIFIER new
4 IDENTIFIER null
