2 INTLITERAL 123
3 INTLITERAL 0xabc
4 INTLITERAL 10101012
5 INTLITERAL 0xdeadbee
5 IDENTIFIER g
6 -
6 INTLITERAL 123
7 BOOLEANLITERAL true
8 BOOLEANLITERAL false
9 IDENTIFIER foo
10 IDENTIFIER bar
11 IDENTIFIER _x
12 IDENTIFIER _1
13 STRINGLITERAL "\"hello\""
14 STRINGLITERAL "\"\'\""
15 STRINGLITERAL "a"
16 CHARLITERAL '\''
17 CHARLITERAL '\"'
18 INTLITERAL 12
18 IDENTIFIER n
