expecting an error next:
*** RUNTIME ERROR ***: Array out of Bounds access in method "main"
