Top of loop
top of gurp
done j
done i
done j
done k
done k
done m
-29 -44
after n
after first if
after second if
after third if
-119 -76 274 -26after fourth if
done z gurp
3
top of gurp
done j
done i
done j
done k
done k
done m
-29 -44
after n
after first if
after second if
after third if
-119 -75 274 -26after fourth if
done 0z gurp
top of gurp
done j
done i
done j
done k
done k
done m
-33 -50
after n
after first if
after second if
after third if
-145 -106 220 152after fourth if
done y gurp
top of gurp
done j
done i
done j
done k
done k
done m
-39 -59
after n
after first if
after second if
after third if
-165 -148 221 -185after fourth if
done a gurp
top of gurp
done j
done i
done j
done k
done k
done m
-39 -59
after n
after first if
after second if
after third if
-155 -120 240 -30after fourth if
done b gurp
After gurps
-263 -214 -491 -489
Top of loop
top of gurp
done j
done i
done j
done k
done k
done m
-47 -71
after n
after first if
after second if
after third if
-185 -122 351 -63after fourth if
done z gurp
4
top of gurp
done j
done i
done j
done k
done k
done m
-47 -71
after n
after first if
after second if
after third if
-185 -122 351 -63after fourth if
done 0z gurp
top of gurp
done j
done i
done j
done k
done k
done m
-33 -50
after n
after first if
after second if
after third if
-147 -105 200 137after fourth if
done y gurp
top of gurp
done j
done i
done j
done k
done k
done m
-67 -101
after n
after first if
after second if
after third if
-270 -267 297 -191after fourth if
done a gurp
top of gurp
done j
done i
done j
done k
done k
done m
-43 -65
after n
after first if
after second if
after third if
-171 -130 245 -37after fourth if
done b gurp
After gurps
-273 -397 -909 -559
