should see 6 corrects and no incorrects
correct
correct
correct
correct
correct
correct
