creating random array of 10 elements

before sort:
1227918265
3978157
263514239
1969574147
1833982879
488658959
231688945
1043863911
1421669753
1942003127

after sort
3978157
231688945
263514239
488658959
1043863911
1227918265
1421669753
1833982879
1942003127
1969574147
