char8 line 2:3: unexpected char: 'b'
char8 line 2:5: unexpected char: 0xA
