char9 line 2:2: unexpected char: 0x9
char9 line 2:4: unexpected char: 0xA
