string2 line 2:6: unexpected char: '''
2 IDENTIFIER t
2 IDENTIFIER you
2 IDENTIFIER a
2 IDENTIFIER string
2 ?
string2 line 2:23: unexpected char: 0xA
