OK if no FAIL messages so far
The arguments were 1 2 3 4 5 6 7 8 9 10
