result should be: 0 1 2 0 1 2 0 1 2 0 
result should be: 0 1 0 1 0 1 0 1 0 1 
result should be: 0 0 0 0 0 0 0 0 0 0 
