result should be 55: 55
result should be 65: 65
result should be 75: 75
