0
1
2
3
4
5
6
7
8
9
*** RUNTIME ERROR ***: Array out of Bounds access in method "main"
