expecting an error next:
*** RUNTIME ERROR ***: No return value from non-void method "foo"
