j:0 k:0
j:0 k:2
j:0 k:3
j:0 k:4
j:0 k:5
j:0 k:6
j:0 k:7
j:0 k:8
j:1 k:0
j:1 k:2
j:1 k:3
j:1 k:4
j:1 k:5
j:1 k:6
j:1 k:7
j:1 k:8
j:3 k:0
j:3 k:2
j:3 k:3
j:3 k:4
j:3 k:5
j:3 k:6
j:3 k:7
j:3 k:8
