*** RUNTIME ERROR ***: Array out of Bounds access in method "test"
